[    0.000000] Initializing cgroup subsys cpuset
[    0.000000] Initializing cgroup subsys cpu
[    0.000000] Initializing cgroup subsys cpuacct
[    0.000000] Linux version 4.4.0-210-generic (buildd@lgw01-amd64-009) (gcc version 5.4.0 20160609 (Ubuntu 5.4.0-6ubuntu1~16.04.12) ) #242-Ubuntu SMP Fri Apr 16 09:57:56 UTC 2021 (Ubuntu 4.4.0-210.242-generic 4.4.262)
[    0.000000] Command line: BOOT_IMAGE=/boot/vmlinuz-4.4.0-210-generic root=LABEL=cloudimg-rootfs ro console=tty1 console=ttyS0
[    0.000000] KERNEL supported cpus:
[    0.000000]   Intel GenuineIntel
[    0.000000]   AMD AuthenticAMD
[    0.000000]   Centaur CentaurHauls
[    0.000000] x86/fpu: xstate_offset[2]:  576, xstate_sizes[2]:  256
[    0.000000] x86/fpu: Supporting XSAVE feature 0x01: 'x87 floating point registers'
[    0.000000] x86/fpu: Supporting XSAVE feature 0x02: 'SSE registers'
[    0.000000] x86/fpu: Supporting XSAVE feature 0x04: 'AVX registers'
[    0.000000] x86/fpu: Enabled xstate features 0x7, context size is 832 bytes, using 'standard' format.
[    0.000000] e820: BIOS-provided physical RAM map:
[    0.000000] BIOS-e820: [mem 0x0000000000000000-0x000000000009fbff] usable
[    0.000000] BIOS-e820: [mem 0x000000000009fc00-0x000000000009ffff] reserved
[    0.000000] BIOS-e820: [mem 0x00000000000f0000-0x00000000000fffff] reserved
[    0.000000] BIOS-e820: [mem 0x0000000000100000-0x000000003ffeffff] usable
[    0.000000] BIOS-e820: [mem 0x000000003fff0000-0x000000003fffffff] ACPI data
[    0.000000] BIOS-e820: [mem 0x00000000fec00000-0x00000000fec00fff] reserved
[    0.000000] BIOS-e820: [mem 0x00000000fee00000-0x00000000fee00fff] reserved
[    0.000000] BIOS-e820: [mem 0x00000000fffc0000-0x00000000ffffffff] reserved
[    0.000000] NX (Execute Disable) protection: active
[    0.000000] SMBIOS 2.5 present.
[    0.000000] Hypervisor detected: KVM
[    0.000000] e820: last_pfn = 0x3fff0 max_arch_pfn = 0x400000000
[    0.000000] MTRR: Disabled
[    0.000000] x86/PAT: MTRRs disabled, skipping PAT initialization too.
[    0.000000] CPU MTRRs all blank - virtualized system.
[    0.000000] x86/PAT: Configuration [0-7]: WB  WT  UC- UC  WB  WT  UC- UC  
[    0.000000] found SMP MP-table at [mem 0x0009fff0-0x0009ffff] mapped at [ffff88000009fff0]
[    0.000000] Scanning 1 areas for low memory corruption
[    0.000000] RAMDISK: [mem 0x362dc000-0x37165fff]
[    0.000000] ACPI: Early table checksum verification disabled
[    0.000000] ACPI: RSDP 0x00000000000E0000 000024 (v02 VBOX  )
[    0.000000] ACPI: XSDT 0x000000003FFF0030 00003C (v01 VBOX   VBOXXSDT 00000001 ASL  00000061)
[    0.000000] ACPI: FACP 0x000000003FFF00F0 0000F4 (v04 VBOX   VBOXFACP 00000001 ASL  00000061)
[    0.000000] ACPI: DSDT 0x000000003FFF0610 002353 (v02 VBOX   VBOXBIOS 00000002 INTL 20210930)
[    0.000000] ACPI: FACS 0x000000003FFF0200 000040
[    0.000000] ACPI: FACS 0x000000003FFF0200 000040
[    0.000000] ACPI: APIC 0x000000003FFF0240 00005C (v02 VBOX   VBOXAPIC 00000001 ASL  00000061)
[    0.000000] ACPI: SSDT 0x000000003FFF02A0 00036C (v01 VBOX   VBOXCPUT 00000002 INTL 20210930)
[    0.000000] No NUMA configuration found
[    0.000000] Faking a node at [mem 0x0000000000000000-0x000000003ffeffff]
[    0.000000] NODE_DATA(0) allocated [mem 0x3ffeb000-0x3ffeffff]
[    0.000000] kvm-clock: Using msrs 4b564d01 and 4b564d00
[    0.000000] kvm-clock: cpu 0, msr 0:3ffe3001, primary cpu clock
[    0.000000] kvm-clock: using sched offset of 3246999993 cycles
[    0.000000] clocksource: kvm-clock: mask: 0xffffffffffffffff max_cycles: 0x1cd42e4dffb, max_idle_ns: 881590591483 ns
[    0.000000] Zone ranges:
[    0.000000]   DMA      [mem 0x0000000000001000-0x0000000000ffffff]
[    0.000000]   DMA32    [mem 0x0000000001000000-0x000000003ffeffff]
[    0.000000]   Normal   empty
[    0.000000]   Device   empty
[    0.000000] Movable zone start for each node
[    0.000000] Early memory node ranges
[    0.000000]   node   0: [mem 0x0000000000001000-0x000000000009efff]
[    0.000000]   node   0: [mem 0x0000000000100000-0x000000003ffeffff]
[    0.000000] Initmem setup node 0 [mem 0x0000000000001000-0x000000003ffeffff]
[    0.000000] ACPI: PM-Timer IO Port: 0x4008
[    0.000000] IOAPIC[0]: apic_id 2, version 32, address 0xfec00000, GSI 0-23
[    0.000000] ACPI: INT_SRC_OVR (bus 0 bus_irq 0 global_irq 2 dfl dfl)
[    0.000000] ACPI: INT_SRC_OVR (bus 0 bus_irq 9 global_irq 9 low level)
[    0.000000] Using ACPI (MADT) for SMP configuration information
[    0.000000] smpboot: Allowing 2 CPUs, 0 hotplug CPUs
[    0.000000] PM: Registered nosave memory: [mem 0x00000000-0x00000fff]
[    0.000000] PM: Registered nosave memory: [mem 0x0009f000-0x0009ffff]
[    0.000000] PM: Registered nosave memory: [mem 0x000a0000-0x000effff]
[    0.000000] PM: Registered nosave memory: [mem 0x000f0000-0x000fffff]
[    0.000000] e820: [mem 0x40000000-0xfebfffff] available for PCI devices
[    0.000000] Booting paravirtualized kernel on KVM
[    0.000000] clocksource: refined-jiffies: mask: 0xffffffff max_cycles: 0xffffffff, max_idle_ns: 7645519600211568 ns
[    0.000000] setup_percpu: NR_CPUS:512 nr_cpumask_bits:512 nr_cpu_ids:2 nr_node_ids:1
[    0.000000] PERCPU: Embedded 33 pages/cpu @ffff88003fc00000 s95192 r8192 d31784 u1048576
[    0.000000] Built 1 zonelists in Node order, mobility grouping on.  Total pages: 257912
[    0.000000] Policy zone: DMA32
[    0.000000] Kernel command line: BOOT_IMAGE=/boot/vmlinuz-4.4.0-210-generic root=LABEL=cloudimg-rootfs ro console=tty1 console=ttyS0
[    0.000000] PID hash table entries: 4096 (order: 3, 32768 bytes)
[    0.000000] Memory: 997792K/1048120K available (8644K kernel code, 1332K rwdata, 4044K rodata, 1492K init, 1164K bss, 50328K reserved, 0K cma-reserved)
[    0.000000] SLUB: HWalign=64, Order=0-3, MinObjects=0, CPUs=2, Nodes=1
[    0.000000] Kernel/User page tables isolation: enabled
[    0.000000] Hierarchical RCU implementation.
[    0.000000] 	Build-time adjustment of leaf fanout to 64.
[    0.000000] 	RCU restricting CPUs from NR_CPUS=512 to nr_cpu_ids=2.
[    0.000000] RCU: Adjusting geometry for rcu_fanout_leaf=64, nr_cpu_ids=2
[    0.000000] NR_IRQS:33024 nr_irqs:440 16
[    0.000000] Console: colour VGA+ 80x25
[    0.000000] console [tty1] enabled
[    0.000000] console [ttyS0] enabled
[    0.000000] tsc: Detected 2301.272 MHz processor
[    0.388855] Calibrating delay loop (skipped) preset value.. 4602.54 BogoMIPS (lpj=9205088)
[    0.394610] pid_max: default: 32768 minimum: 301
[    0.397398] ACPI: Core revision 20150930
[    0.400700] ACPI: 2 ACPI AML tables successfully acquired and loaded
[    0.404931] Security Framework initialized
[    0.408268] Yama: becoming mindful.
[    0.410478] AppArmor: AppArmor initialized
[    0.412931] Dentry cache hash table entries: 131072 (order: 8, 1048576 bytes)
[    0.418692] Inode-cache hash table entries: 65536 (order: 7, 524288 bytes)
[    0.422975] Mount-cache hash table entries: 2048 (order: 2, 16384 bytes)
[    0.426839] Mountpoint-cache hash table entries: 2048 (order: 2, 16384 bytes)
[    0.431088] Initializing cgroup subsys io
[    0.433472] Initializing cgroup subsys memory
[    0.436523] Initializing cgroup subsys devices
[    0.439318] Initializing cgroup subsys freezer
[    0.441969] Initializing cgroup subsys net_cls
[    0.445152] Initializing cgroup subsys perf_event
[    0.448785] Initializing cgroup subsys net_prio
[    0.451508] Initializing cgroup subsys hugetlb
[    0.454072] Initializing cgroup subsys pids
[    0.458701] mce: CPU supports 0 MCE banks
[    0.461605] Last level iTLB entries: 4KB 64, 2MB 8, 4MB 8
[    0.464710] Last level dTLB entries: 4KB 64, 2MB 0, 4MB 0, 1GB 4
[    0.468939] Spectre V1 : Mitigation: usercopy/swapgs barriers and __user pointer sanitization
[    0.473841] Spectre V2 : Mitigation: Full generic retpoline
[    0.477123] Spectre V2 : Spectre v2 / SpectreRSB mitigation: Filling RSB on context switch
[    0.481998] Speculative Store Bypass: Vulnerable
[    0.484729] SRBDS: Unknown: Dependent on hypervisor status
[    0.488566] MDS: Mitigation: Clear CPU buffers
[    0.521505] Freeing SMP alternatives memory: 36K
[    0.586199] ftrace: allocating 32380 entries in 127 pages
[    1.030346] smpboot: APIC(0) Converting physical 0 to logical package 0
[    1.035494] smpboot: Max logical packages: 1
[    1.039839] x2apic enabled
[    1.043136] Switched APIC routing to physical x2apic.
[    1.052998] ..TIMER: vector=0x30 apic1=0 pin1=2 apic2=-1 pin2=-1
[    1.166021] smpboot: CPU0: Intel(R) Core(TM) i9-9880H CPU @ 2.30GHz (family: 0x6, model: 0x9e, stepping: 0xd)
[    1.172140] Performance Events: unsupported p6 CPU model 158 no PMU driver, software events only.
[    1.244192] KVM setup paravirtual spinlock
[    1.247736] x86: Booting SMP configuration:
[    1.250314] .... node  #0, CPUs:      #1
[    1.253666] kvm-clock: cpu 1, msr 0:3ffe3041, secondary cpu clock
[    1.258215] mce: CPU supports 0 MCE banks
[    1.261897] x86: Booted up 1 node, 2 CPUs
[    1.265089] smpboot: Total of 2 processors activated (9205.08 BogoMIPS)
[    1.271089] devtmpfs: initialized
[    1.274780] evm: security.selinux
[    1.276836] evm: security.SMACK64
[    1.278952] evm: security.SMACK64EXEC
[    1.281210] evm: security.SMACK64TRANSMUTE
[    1.283701] evm: security.SMACK64MMAP
[    1.285936] evm: security.ima
[    1.287839] evm: security.capability
[    1.290654] clocksource: jiffies: mask: 0xffffffff max_cycles: 0xffffffff, max_idle_ns: 7645041785100000 ns
[    1.296269] futex hash table entries: 512 (order: 3, 32768 bytes)
[    1.300164] pinctrl core: initialized pinctrl subsystem
[    1.303841] RTC time: 23:54:23, date: 03/17/24
[    1.306738] NET: Registered protocol family 16
[    1.320071] cpuidle: using governor ladder
[    1.334944] cpuidle: using governor menu
[    1.339714] PCCT header not found.
[    1.342811] ACPI: bus type PCI registered
[    1.345757] acpiphp: ACPI Hot Plug PCI Controller Driver version: 0.5
[    1.349993] PCI: Using configuration type 1 for base access
[    1.365862] ACPI: Added _OSI(Module Device)
[    1.369639] ACPI: Added _OSI(Processor Device)
[    1.373199] ACPI: Added _OSI(3.0 _SCP Extensions)
[    1.376475] ACPI: Added _OSI(Processor Aggregator Device)
[    1.380921] ACPI: Executed 1 blocks of module-level executable AML code
[    1.387852] ACPI: Interpreter enabled
[    1.390050] ACPI: (supports S0 S5)
[    1.392658] ACPI: Using IOAPIC for interrupt routing
[    1.395926] PCI: Using host bridge windows from ACPI; if necessary, use "pci=nocrs" and report a bug
[    1.407793] ACPI: PCI Root Bridge [PCI0] (domain 0000 [bus 00-ff])
[    1.411316] acpi PNP0A03:00: _OSC: OS supports [ASPM ClockPM Segments MSI]
[    1.415899] acpi PNP0A03:00: _OSC: not requesting OS control; OS requires [ExtendedConfig ASPM ClockPM MSI]
[    1.421442] acpi PNP0A03:00: fail to add MMCONFIG information, can't access extended PCI configuration space under this bridge.
[    1.428395] PCI host bridge to bus 0000:00
[    1.430881] pci_bus 0000:00: root bus resource [io  0x0000-0x0cf7 window]
[    1.434703] pci_bus 0000:00: root bus resource [io  0x0d00-0xffff window]
[    1.438590] pci_bus 0000:00: root bus resource [mem 0x000a0000-0x000bffff window]
[    1.443104] pci_bus 0000:00: root bus resource [mem 0x40000000-0xfdffffff window]
[    1.447502] pci_bus 0000:00: root bus resource [bus 00-ff]
[    1.455693] pci 0000:00:01.1: legacy IDE quirk: reg 0x10: [io  0x01f0-0x01f7]
[    1.460455] pci 0000:00:01.1: legacy IDE quirk: reg 0x14: [io  0x03f6]
[    1.464133] pci 0000:00:01.1: legacy IDE quirk: reg 0x18: [io  0x0170-0x0177]
[    1.479362] pci 0000:00:01.1: legacy IDE quirk: reg 0x1c: [io  0x0376]
[    1.547146] pci 0000:00:07.0: quirk: [io  0x4000-0x403f] claimed by PIIX4 ACPI
[    1.551224] pci 0000:00:07.0: quirk: [io  0x4100-0x410f] claimed by PIIX4 SMB
[    1.565817] ACPI: PCI Interrupt Link [LNKA] (IRQs 5 9 10 *11)
[    1.570983] ACPI: PCI Interrupt Link [LNKB] (IRQs 5 9 *10 11)
[    1.575911] ACPI: PCI Interrupt Link [LNKC] (IRQs 5 *9 10 11)
[    1.580924] ACPI: PCI Interrupt Link [LNKD] (IRQs 5 9 10 *11)
[    1.585884] ACPI: Enabled 2 GPEs in block 00 to 07
[    1.589737] vgaarb: setting as boot device: PCI:0000:00:02.0
[    1.593352] vgaarb: device added: PCI:0000:00:02.0,decodes=io+mem,owns=io+mem,locks=none
[    1.598090] vgaarb: loaded
[    1.599987] vgaarb: bridge control possible 0000:00:02.0
[    1.603361] SCSI subsystem initialized
[    1.606092] ACPI: bus type USB registered
[    1.608875] usbcore: registered new interface driver usbfs
[    1.612104] usbcore: registered new interface driver hub
[    1.615154] usbcore: registered new device driver usb
[    1.619085] PCI: Using ACPI for IRQ routing
[    1.622296] NetLabel: Initializing
[    1.624353] NetLabel:  domain hash size = 128
[    1.626930] NetLabel:  protocols = UNLABELED CIPSOv4
[    1.629822] NetLabel:  unlabeled traffic allowed by default
[    1.633572] amd_nb: Cannot enumerate AMD northbridges
[    1.636724] clocksource: Switched to clocksource kvm-clock
[    1.648164] AppArmor: AppArmor Filesystem Enabled
[    1.650990] pnp: PnP ACPI init
[    1.654343] pnp: PnP ACPI: found 3 devices
[    1.673070] clocksource: acpi_pm: mask: 0xffffff max_cycles: 0xffffff, max_idle_ns: 2085701024 ns
[    1.677888] NET: Registered protocol family 2
[    1.680665] TCP established hash table entries: 8192 (order: 4, 65536 bytes)
[    1.684702] TCP bind hash table entries: 8192 (order: 5, 131072 bytes)
[    1.688422] TCP: Hash tables configured (established 8192 bind 8192)
[    1.692041] UDP hash table entries: 512 (order: 2, 16384 bytes)
[    1.695467] UDP-Lite hash table entries: 512 (order: 2, 16384 bytes)
[    1.699056] NET: Registered protocol family 1
[    1.701623] pci 0000:00:00.0: Limiting direct PCI/PCI transfers
[    1.704968] pci 0000:00:01.0: Activating ISA DMA hang workarounds
[    1.708858] Unpacking initramfs...
[    1.897596] Freeing initrd memory: 14888K
[    1.904328] clocksource: tsc: mask: 0xffffffffffffffff max_cycles: 0x212be6a19cb, max_idle_ns: 440795214366 ns
[    1.912689] platform rtc_cmos: registered platform RTC device (no PNP device found)
[    1.917790] Scanning for low memory corruption every 60 seconds
[    1.922501] audit: initializing netlink subsys (disabled)
[    1.926024] audit: type=2000 audit(1710719668.202:1): initialized
[    1.931001] Initialise system trusted keyring
[    1.935134] HugeTLB registered 2 MB page size, pre-allocated 0 pages
[    1.940679] zbud: loaded
[    1.943669] VFS: Disk quotas dquot_6.6.0
[    1.946533] VFS: Dquot-cache hash table entries: 512 (order 0, 4096 bytes)
[    1.951342] squashfs: version 4.0 (2009/01/31) Phillip Lougher
[    1.955879] fuse init (API version 7.23)
[    1.958943] Key type big_key registered
[    1.961769] Allocating IMA MOK and blacklist keyrings.
[    1.967931] Key type asymmetric registered
[    1.970709] Asymmetric key parser 'x509' registered
[    1.973964] Block layer SCSI generic (bsg) driver version 0.4 loaded (major 249)
[    1.979045] io scheduler noop registered
[    1.981819] io scheduler deadline registered (default)
[    1.985164] io scheduler cfq registered
[    1.987763] pci_hotplug: PCI Hot Plug PCI Core version: 0.5
[    1.991213] pciehp: PCI Express Hot Plug Controller Driver version: 0.4
[    1.995617] ACPI: AC Adapter [AC] (off-line)
[    1.999598] input: Power Button as /devices/LNXSYSTM:00/LNXPWRBN:00/input/input0
[    2.005543] ACPI: Power Button [PWRF]
[    2.008425] input: Sleep Button as /devices/LNXSYSTM:00/LNXSLPBN:00/input/input1
[    2.013248] ACPI: Sleep Button [SLPF]
[    2.018156] ACPI: Battery Slot [BAT0] (battery present)
[    2.021507] GHES: HEST is not enabled!
[    2.024155] Serial: 8250/16550 driver, 32 ports, IRQ sharing enabled
[    2.053353] 00:02: ttyS0 at I/O 0x3f8 (irq = 4, base_baud = 115200) is a 16550A
[    2.058849] Linux agpgart interface v0.103
[    2.064945] loop: module loaded
[    2.068331] scsi host0: ata_piix
[    2.070988] scsi host1: ata_piix
[    2.073212] ata1: PATA max UDMA/33 cmd 0x1f0 ctl 0x3f6 bmdma 0xd000 irq 14
[    2.077218] ata2: PATA max UDMA/33 cmd 0x170 ctl 0x376 bmdma 0xd008 irq 15
[    2.083036] libphy: Fixed MDIO Bus: probed
[    2.085678] tun: Universal TUN/TAP device driver, 1.6
[    2.088791] tun: (C) 1999-2004 Max Krasnyansky <maxk@qualcomm.com>
[    2.092638] PPP generic driver version 2.4.2
[    2.095401] ehci_hcd: USB 2.0 'Enhanced' Host Controller (EHCI) Driver
[    2.099325] ehci-pci: EHCI PCI platform driver
[    2.102374] ehci-platform: EHCI generic platform driver
[    2.105571] ohci_hcd: USB 1.1 'Open' Host Controller (OHCI) Driver
[    2.109241] ohci-pci: OHCI PCI platform driver
[    2.112255] ohci-platform: OHCI generic platform driver
[    2.115610] uhci_hcd: USB Universal Host Controller Interface driver
[    2.119507] i8042: PNP: PS/2 Controller [PNP0303:PS2K,PNP0f03:PS2M] at 0x60,0x64 irq 1,12
[    2.126606] serio: i8042 KBD port at 0x60,0x64 irq 1
[    2.129674] serio: i8042 AUX port at 0x60,0x64 irq 12
[    2.133080] mousedev: PS/2 mouse device common for all mice
[    2.138277] rtc_cmos rtc_cmos: rtc core: registered rtc_cmos as rtc0
[    2.142669] input: AT Translated Set 2 keyboard as /devices/platform/i8042/serio0/input/input2
[    2.147859] rtc_cmos rtc_cmos: alarms up to one day, 114 bytes nvram
[    2.152024] i2c /dev entries driver
[    2.155090] device-mapper: uevent: version 1.0.3
[    2.158256] device-mapper: ioctl: 4.34.0-ioctl (2015-10-28) initialised: dm-devel@redhat.com
[    2.163445] ledtrig-cpu: registered to indicate activity on CPUs
[    2.168191] NET: Registered protocol family 10
[    2.171160] NET: Registered protocol family 17
[    2.173849] Key type dns_resolver registered
[    2.177735] registered taskstats version 1
[    2.180107] Loading compiled-in X.509 certificates
[    2.183484] Loaded X.509 cert 'Build time autogenerated kernel key: cf00e047681d67edb2720680708b7d9498083038'
[    2.189394] zswap: loaded using pool lzo/zbud
[    2.194788] Key type trusted registered
[    2.200815] Key type encrypted registered
[    2.203155] AppArmor: AppArmor sha1 policy hashing enabled
[    2.206414] ima: No TPM chip found, activating TPM-bypass!
[    2.209959] ima: Allocated hash algorithm: sha1
[    2.212673] evm: HMAC attrs: 0x1
[    2.215639]   Magic number: 0:591:959
[    2.218680] rtc_cmos rtc_cmos: setting system clock to 2024-03-17 23:54:24 UTC (1710719664)
[    2.223839] BIOS EDD facility v0.16 2004-Jun-25, 0 devices found
[    2.227598] EDD information not available.
[    2.287076] Freeing unused kernel memory: 1492K
[    2.289903] Write protecting the kernel read-only data: 14336k
[    2.293707] Freeing unused kernel memory: 1584K
[    2.296582] Freeing unused kernel memory: 52K
Loading, please wait...
starting version 229
[    2.314897] random: systemd-udevd: uninitialized urandom read (16 bytes read, 5 bits of entropy available)
[    2.315449] random: udevadm: uninitialized urandom read (16 bytes read, 5 bits of entropy available)
[    2.315471] random: udevadm: uninitialized urandom read (16 bytes read, 5 bits of entropy available)
[    2.329641] random: udevadm: uninitialized urandom read (16 bytes read, 5 bits of entropy available)
[    2.329699] random: udevadm: uninitialized urandom read (16 bytes read, 5 bits of entropy available)
[    2.329892] random: udevadm: uninitialized urandom read (16 bytes read, 5 bits of entropy available)
[    2.329970] random: udevadm: uninitialized urandom read (16 bytes read, 5 bits of entropy available)
[    2.330038] random: udevadm: uninitialized urandom read (16 bytes read, 5 bits of entropy available)
[    2.330111] random: udevadm: uninitialized urandom read (16 bytes read, 5 bits of entropy available)
[    2.330190] random: udevadm: uninitialized urandom read (16 bytes read, 5 bits of entropy available)
[    2.412434] e1000: Intel(R) PRO/1000 Network Driver - version 7.3.21-k8-NAPI
[    2.416688] e1000: Copyright (c) 1999-2006 Intel Corporation.
[    2.420950] Fusion MPT base driver 3.04.20
[    2.424813] Copyright (c) 1999-2008 LSI Corporation
[    2.439748] Fusion MPT SPI Host driver 3.04.20
[    2.458551] AVX2 version of gcm_enc/dec engaged.
[    2.461512] AES CTR mode by8 optimization enabled
[    2.702456] input: ImExPS/2 Generic Explorer Mouse as /devices/platform/i8042/serio1/input/input4
[    2.904019] e1000 0000:00:03.0 eth0: (PCI:33MHz:32-bit) 02:be:82:6b:cc:1d
[    2.908395] e1000 0000:00:03.0 eth0: Intel(R) PRO/1000 Network Connection
[    2.914382] mptbase: ioc0: Initiating bringup
[    2.986902] ioc0: LSI53C1030 A0: Capabilities={Initiator}
[    3.154572] scsi host2: ioc0: LSI53C1030 A0, FwRev=00000000h, Ports=1, MaxQ=256, IRQ=20
[    3.271587] scsi 2:0:0:0: Direct-Access     VBOX     HARDDISK         1.0  PQ: 0 ANSI: 5
[    3.279340] scsi target2:0:0: Beginning Domain Validation
[    3.285768] scsi target2:0:0: Domain Validation skipping write tests
[    3.289560] scsi target2:0:0: Ending Domain Validation
[    3.292703] scsi target2:0:0: asynchronous
[    3.296400] scsi 2:0:1:0: Direct-Access     VBOX     HARDDISK         1.0  PQ: 0 ANSI: 5
[    3.301641] scsi target2:0:1: Beginning Domain Validation
[    3.307317] scsi target2:0:1: Domain Validation skipping write tests
[    3.311158] scsi target2:0:1: Ending Domain Validation
[    3.314710] scsi target2:0:1: asynchronous
[    3.342698] sd 2:0:0:0: Attached scsi generic sg0 type 0
[    3.346741] sd 2:0:1:0: [sdb] 20480 512-byte logical blocks: (10.5 MB/10.0 MiB)
[    3.352450] sd 2:0:1:0: Attached scsi generic sg1 type 0
[    3.352641] sd 2:0:0:0: [sda] 83886080 512-byte logical blocks: (42.9 GB/40.0 GiB)
[    3.360951] sd 2:0:1:0: [sdb] Write Protect is off
[    3.364187] sd 2:0:1:0: [sdb] Incomplete mode parameter data
[    3.367656] sd 2:0:1:0: [sdb] Assuming drive cache: write through
[    3.370733] sd 2:0:0:0: [sda] Write Protect is off
[    3.374949] sd 2:0:0:0: [sda] Incomplete mode parameter data
[    3.378310] sd 2:0:0:0: [sda] Assuming drive cache: write through
[    3.386875] sd 2:0:1:0: [sdb] Attached SCSI disk
[    3.390071]  sda: sda1
[    3.393803] sd 2:0:0:0: [sda] Attached SCSI disk
[    3.744518] e1000 0000:00:08.0 eth1: (PCI:33MHz:32-bit) 08:00:27:68:3c:ec
[    3.748790] e1000 0000:00:08.0 eth1: Intel(R) PRO/1000 Network Connection
[    3.755075] e1000 0000:00:03.0 enp0s3: renamed from eth0
[    3.765762] e1000 0000:00:08.0 enp0s8: renamed from eth1
Begin: Loading essential drivers ... [    5.319642] md: linear personality registered for level -1
[    5.325865] md: multipath personality registered for level -4
[    5.331679] md: raid0 personality registered for level 0
[    5.342855] md: raid1 personality registered for level 1
[    5.476549] raid6: sse2x1   gen() 24058 MB/s
[    5.568842] raid6: sse2x1   xor() 10207 MB/s
[    5.849794] raid6: sse2x2   gen() 63538 MB/s
[    5.935521] raid6: sse2x2   xor() 14507 MB/s
[    6.043968] raid6: sse2x4   gen() 30166 MB/s
[    6.125128] raid6: sse2x4   xor() 11302 MB/s
[    6.275789] raid6: avx2x1   gen() 57458 MB/s
[    6.341121] raid6: avx2x2   gen() 29212 MB/s
[    6.561166] raid6: avx2x4   gen() 70461 MB/s
[    6.568365] raid6: using algorithm avx2x4 gen() 70461 MB/s
[    6.573138] raid6: using avx2x2 recovery algorithm
[    6.581498] xor: automatically using best checksumming function:
[    6.625103]    avx       : 30014.000 MB/sec
[    6.629715] async_tx: api initialized (async)
[    6.660048] md: raid6 personality registered for level 6
[    6.663585] md: raid5 personality registered for level 5
[    6.666780] md: raid4 personality registered for level 4
[    6.681616] md: raid10 personality registered for level 10
done.
Begin: Running /scripts/init-premount ... done.
Begin: Mounting root file system ... Begin: Running /scripts/local-top ... done.
Begin: Running /scripts/local-premount ... [    6.740073] Btrfs loaded
Scanning for Btrfs filesystems
done.
Warning: fsck not present, so skipping root file system
[    6.776331] EXT4-fs (sda1): mounted filesystem with ordered data mode. Opts: (null)
done.
Begin: Running /scripts/local-bottom ... done.
Begin: Running /scripts/init-bottom ... done.
[    6.899633] systemd[1]: systemd 229 running in system mode. (+PAM +AUDIT +SELINUX +IMA +APPARMOR +SMACK +SYSVINIT +UTMP +LIBCRYPTSETUP +GCRYPT +GNUTLS +ACL +XZ -LZ4 +SECCOMP +BLKID +ELFUTILS +KMOD -IDN)
[    6.909997] systemd[1]: Detected virtualization oracle.
[    6.913901] systemd[1]: Detected architecture x86-64.

Welcome to [1mUbuntu 16.04.7 LTS[0m!

[    6.922832] systemd[1]: Set hostname to <ubuntu-xenial>.
[    7.070041] systemd[1]: Listening on Journal Audit Socket.
[[0;32m  OK  [0m] Listening on Journal Audit Socket.
[    7.076015] systemd[1]: Reached target User and Group Name Lookups.
[[0;32m  OK  [0m] Reached target User and Group Name Lookups.
[    7.082743] systemd[1]: Listening on Device-mapper event daemon FIFOs.
[[0;32m  OK  [0m] Listening on Device-mapper event daemon FIFOs.
[    7.089486] systemd[1]: Listening on Syslog Socket.
[[0;32m  OK  [0m] Listening on Syslog Socket.
[    7.094834] systemd[1]: Listening on fsck to fsckd communication Socket.
[[0;32m  OK  [0m] Listening on fsck to fsckd communication Socket.
[    7.102032] systemd[1]: Listening on LVM2 metadata daemon socket.
[[0;32m  OK  [0m] Listening on LVM2 metadata daemon socket.
[    7.108609] systemd[1]: Set up automount Arbitrary Executable File Formats File System Automount Point.
[[0;32m  OK  [0m] Set up automount Arbitrary Executab...ats File System Automount Point.
[    7.117716] systemd[1]: Listening on LVM2 poll daemon socket.
[[0;32m  OK  [0m] Listening on LVM2 poll daemon socket.
[    7.123961] systemd[1]: Listening on Journal Socket.
[[0;32m  OK  [0m] Listening on Journal Socket.
[    7.129368] systemd[1]: Reached target Encrypted Volumes.
[[0;32m  OK  [0m] Reached target Encrypted Volumes.
[    7.135313] systemd[1]: Started Trigger resolvconf update for networkd DNS.
[[0;32m  OK  [0m] Started Trigger resolvconf update for networkd DNS.
[    7.142722] systemd[1]: Listening on Journal Socket (/dev/log).
[[0;32m  OK  [0m] Listening on Journal Socket (/dev/log).
[    7.148915] systemd[1]: Listening on udev Control Socket.
[[0;32m  OK  [0m] Listening on udev Control Socket.
[    7.154914] systemd[1]: Reached target System Time Synchronized.
[[0;32m  OK  [0m] Reached target System Time Synchronized.
[    7.161310] systemd[1]: Listening on udev Kernel Socket.
[[0;32m  OK  [0m] Listening on udev Kernel Socket.
[    7.167394] systemd[1]: Started Forward Password Requests to Wall Directory Watch.
[[0;32m  OK  [0m] Started Forward Password Requests to Wall Directory Watch.
[    7.176019] systemd[1]: Created slice User and Session Slice.
[[0;32m  OK  [0m] Created slice User and Session Slice.
[    7.182509] systemd[1]: Listening on /dev/initctl Compatibility Named Pipe.
[[0;32m  OK  [0m] Listening on /dev/initctl Compatibility Named Pipe.
[    7.190226] systemd[1]: Created slice System Slice.
[[0;32m  OK  [0m] Created slice System Slice.
[    7.209743] systemd[1]: Mounting POSIX Message Queue File System...
         Mounting POSIX Message Queue File System...
[    7.220600] systemd[1]: Starting Journal Service...
         Starting Journal Service...
[    7.227123] systemd[1]: Mounting Debug File System...
         Mounting Debug File System...
[    7.234506] systemd[1]: Starting Set console keymap...
         Starting Set console keymap...
[    7.241282] systemd[1]: Starting Nameserver information manager...
         Starting Nameserver information manager...
[    7.251439] systemd[1]: Mounting Huge Pages File System...
         Mounting Huge Pages File System...
[    7.259380] systemd[1]: Starting Monitoring of LVM2 mirrors, snapshots etc. using dmeventd or progress polling...
         Starting Monitoring of LVM2 mirrors... dmeventd or progress polling...
[    7.273191] systemd[1]: Created slice system-serial\x2dgetty.slice.
[[0;32m  OK  [0m] Created slice system-serial\x2dgetty.slice.
[    7.282768] systemd[1]: Starting File System Check on Root Device...
         Starting File System Check on Root Device...
[    7.292014] systemd[1]: Starting Create list of required static device nodes for the current kernel...
         Starting Create list of required st... nodes for the current kernel...
[    7.304333] systemd[1]: Starting Uncomplicated firewall...
         Starting Uncomplicated firewall...
[    7.313439] systemd[1]: Reached target Slices.
[[0;32m  OK  [0m] Reached target Slices.
[    7.319726] systemd[1]: Reached target Swap.
[[0;32m  OK  [0m] Reached target Swap.
[    7.329270] systemd[1]: Starting Load Kernel Modules...
         Starting Load Kernel Modules...
[    7.338590] systemd[1]: Mounted Huge Pages File System.
[[0;32m  OK  [0m] Mounted Huge Pages File System.
[    7.345728] systemd[1]: Mounted POSIX Message Queue File System.
[    7.350491] Loading iSCSI transport class v2.0-870.
[[0;32m  OK  [0m] Mounted POSIX Message Queue File System.
[    7.356708] systemd[1]: Mounted Debug File System.
[[0;32m  OK  [0m] Mounted Debug File System.
[    7.364322] systemd[1]: Started Journal Service.
[    7.367690] iscsi: registered transport (tcp)
[[0;32m  OK  [0m] Started Journal Service.
[[0;32m  OK  [0m] Started Set console keymap.
[[0;32m  OK  [0m] Started File System Check on Root Device.
[[0;32m  OK  [0m] Started Create list of required sta...ce nodes for the current kernel.
[[0;32m  OK  [0m] Started Uncomplicated firewall.
[[0;32m  OK  [0m] Started Nameserver information manager.
[[0;32m  OK  [0m[    7.412092] random: nonblocking pool is initialized
] Started File System Check Daemon to report status.
[[0;32m  OK  [0m] Started LVM2 metadata daemon.
         Starting Create Static Device Nodes in /dev...
         Starting Remount Root and Kernel File Systems...
[    7.441669] iscsi: registered transport (iser)
[    7.445932] EXT4-fs (sda1): re-mounted. Opts: (null)
[[0;32m  OK  [0m] Started Load Kernel Modules.
[[0;32m  OK  [0m] Started Remount Root and Kernel File Systems.
         Starting Load/Save Random Seed...
         Starting Flush Journal to Persistent Storage...
         Starting udev Coldplug all Devices...
         Mounting FUSE Control File System...
         Starting Apply Kernel Variables...
[[0;32m  OK  [0m] Mounted FUSE Control File System.
[[0;32m  OK  [0m] Started Load/Save Random Seed.
[    7.486472] systemd-journald[373]: Received request to flush runtime journal from PID 1
[[0;32m  OK  [0m] Started Apply Kernel Variables.
[[0;32m  OK  [0m] Started Create Static Device Nodes in /dev.
         Starting udev Kernel Device Manager...
[[0;32m  OK  [0m] Started Flush Journal to Persistent Storage.
[[0;32m  OK  [0m] Started udev Coldplug all Devices.
[[0;32m  OK  [0m] Started udev Kernel Device Manager.
[[0;32m  OK  [0m] Started Dispatch Password Requests to Console Directory Watch.
[[0;32m  OK  [0m] Found device /dev/ttyS0.
[[0;32m  OK  [0m] Listening on Load/Save RF Kill Switch Status /dev/rfkill Watch.
[[0;32m  OK  [0m] Found device 82540EM Gigabit Ethern...r (PRO/1000 MT Desktop Adapter).
[[0;32m  OK  [0m] Started Monitoring of LVM2 mirrors,...ng dmeventd or progress polling.
[[0;32m  OK  [0m] Found device 82540EM Gigabit Ethern...r (PRO/1000 MT Desktop Adapter).
[[0;32m  OK  [0m] Reached target Local File Systems (Pre).
[[0;32m  OK  [0m] Reached target Local File Systems.
         Starting LSB: AppArmor initialization...
         Starting Set console font and keymap...
         Starting Tell Plymouth To Write Out Runtime Data...
         Starting Initial cloud-init job (pre-networking)...
         Starting Create Volatile Files and Directories...
[[0;32m  OK  [0m] Started Tell Plymouth To Write Out Runtime Data.
[[0;32m  OK  [0m] Started Create Volatile Files and Directories.
         Starting Update UTMP about System Boot/Shutdown...
[[0;32m  OK  [0m] Started Update UTMP about System Boot/Shutdown.
[[0;32m  OK  [0m] Started LSB: AppArmor initialization.
         Starting Load AppArmor profiles managed internally by snapd...
[[0;32m  OK  [0m] Started Load AppArmor profiles managed internally by snapd.
[[0;32m  OK  [0m] Started Set console font and keymap.
[[0;32m  OK  [0m] Created slice system-getty.slice.
[    8.618385] cloud-init[675]: Cloud-init v. 21.1-19-gbad84ad4-0ubuntu1~16.04.2 running 'init-local' at Sun, 17 Mar 2024 23:54:31 +0000. Up 8.40 seconds.
[[0;32m  OK  [0m] Started Initial cloud-init job (pre-networking).
[[0;32m  OK  [0m] Reached target Network (Pre).
[[0;32m  OK  [0m] Started ifup for enp0s8.
[[0;32m  OK  [0m] Started ifup for enp0s3.
         Starting Raise network interfaces...
[[0;32m  OK  [0m] Started Raise network interfaces.
         Starting Initial cloud-init job (metadata service crawler)...
[[0;32m  OK  [0m] Reached target Network.
[    9.262203] cloud-init[1082]: Cloud-init v. 21.1-19-gbad84ad4-0ubuntu1~16.04.2 running 'init' at Sun, 17 Mar 2024 23:54:32 +0000. Up 9.06 seconds.
[    9.268238] cloud-init[1082]: ci-info: ++++++++++++++++++++++++++++++++++++++Net device info+++++++++++++++++++++++++++++++++++++++
[    9.281495] cloud-init[1082]: ci-info: +--------+------+-----------------------------+---------------+--------+-------------------+
[    9.293333] cloud-init[1082]: ci-info: | Device |  Up  |           Address           |      Mask     | Scope  |     Hw-Address    |
[    9.301265] cloud-init[1082]: ci-info: +--------+------+-----------------------------+---------------+--------+-------------------+
[    9.314117] cloud-init[1082]: ci-info: | enp0s3 | True |          10.0.2.15          | 255.255.255.0 | global | 02:be:82:6b:cc:1d |
[    9.320886] cloud-init[1082]: ci-info: | enp0s3 | True |  fe80::be:82ff:fe6b:cc1d/64 |       .       |  link  | 02:be:82:6b:cc:1d |
[    9.337396] [cloud-init[0;32m  OK  [0m[1082]: ] ci-info: | enp0s8 | True |        192.168.33.10        | 255.255.255.0 | global | 08:00:27:68:3c:ec |Started Initial cloud-init job (metadata service crawler).

[    9.359807] [[0;32m  OK  [0m] Reached target Cloud-config availability.
[[0;32m  OK  [0m] Reached target Network is Online.
cloud-init[1082]: ci-info: | enp0s8 | True | fe80::a00:27ff:fe68:3cec/64 |       .       |  link  | 08:00:27:68:3c:ec |
[    9.368101] cloud-init[1082]: ci-info: |   lo   | True |          127.0.0.1          |   255.0.0.0   |  host  |         .         |         Starting iSCSI initiator daemon (iscsid)...
[[0;32m  OK  [0m] Reached target System Initialization.

[    9.375856] [[0;32m  OK  [0m] Started ACPI Events Check.
[[0;32m  OK  [0m] Reached target Paths.
cloud-init[[0;32m  OK  [0m] Started Ubuntu Advantage update messaging.
[[0;32m  OK  [0m] Started Daily apt download activities.
[[0;32m  OK  [0m] Started Daily Cleanup of Temporary Directories.
[[0;32m  OK  [0m] Started Daily apt upgrade and clean activities.
         Starting Socket activation for snappy daemon.
[1082]:          Starting LXD - unix socket.
[[0;32m  OK  [0m] Listening on D-Bus System Message Bus Socket.
[[0;32m  OK  [0m] Listening on ACPID Listen Socket.
[[0;32m  OK  [0m] Started Message of the Day.
[[0;32m  OK  [0m] Listening on UUID daemon activation socket.
[[0;32m  OK  [0m] Reached target Timers.
[[0;32m  OK  [0m] Listening on Socket activation for snappy daemon.
[[0;32m  OK  [0m] Listening on LXD - unix socket.
[[0;32m  OK  [0m] Reached target Sockets.
[[0;32m  OK  [0m] Reached target Basic System.
         Starting Ubuntu Advantage APT and MOTD Messages...
ci-info: |   lo   | True |           ::1/128           |       .       |  host  |         .         |[[0;32m  OK  [0m] Started Regular background program processing daemon.
         Starting Accounts Service...
         Starting LSB: Record successful boot for GRUB...
[[0;32m  OK  [0m] Started D-Bus System Message Bus.

[    9.407082] cloud-init[1082]: ci-info: +--------+------+-----------------------------+---------------+--------+-------------------+
[    9.417005] cloud-init[1082]: ci-info: ++++++++++++++++++++++++++++Route IPv4 info++++++++++++++++++++++++++++
[    9.426005] cloud-init[1082]: ci-info: +-------+--------------+----------+---------------+-----------+-------+
[    9.434942] cloud-init[1082]: ci-info: | Route | Destination  | Gateway  |    Genmask    | Interface | Flags |
[    9.441619] cloud-init[1082]: ci-info: +-------+--------------+----------+---------------+-----------+-------+
[    9.450109] cloud-init[1082]: ci-info: |   0   |   0.0.0.0    | 10.0.2.2 |    0.0.0.0    |   enp0s3  |   UG  |
[    9.457037] cloud-init[[0;32m  OK  [0m] Started ACPI event daemon.
[1082]: ci-info: |   1   |   10.0.2.0   | 0.0.0.0  | 255.255.255.0 |   enp0s3  |   U   |         Starting vsftpd FTP server...
         Starting Virtualbox guest utils...
[[0;32m  OK  [0m] Started Deferred execution scheduler.
         Starting /etc/rc.local Compatibility...

[    9.472916] cloud-init         Starting Snap Daemon...
         Starting Login Service...
[1082]:          Starting OpenBSD Secure Shell server...
[[0;32m  OK  [0m] Started FUSE filesystem for LXC.
         Starting Message of the Day...
         Starting LSB: MD monitoring daemon...
         Starting System Logging Service...
         Starting LXD - container startup/shutdown...
ci-info: |   2   | 192.168.33.0 | 0.0.0.0  | 255.255.255.0 |   enp0s8  |   U   |[[0;32m  OK  [0m] Started vsftpd FTP server.
[[0;32m  OK  [0m] Started /etc/rc.local Compatibility.
         Starting Authenticate and Authorize Users to Run Privileged Tasks...
[[0;32m  OK  [0m] Started iSCSI initiator daemon (iscsid).
         Starting Login to default iSCSI targets...
[[0;32m  OK  [0m] Started Message of the Day.

[[0;32m  OK  [0m] Started Login Service.
[[0;32m  OK  [0m] Started LSB: Record successful boot for GRUB.
[[0;32m  OK  [0m] Started Unattended Upgrades Shutdown.
[[0;32m  OK  [0m] Started System Logging Service.
[[0;32m  OK  [0m] Started Login to default iSCSI targets.
[[0;32m  OK  [0m] Reached target Remote File Systems (Pre).
         Mounting /vagrant...
         Mounting /data...
[[0;32m  OK  [0m] Started Authenticate and Authorize Users to Run Privileged Tasks.
[[0;1;31mFAILED[0m] Failed to mount /data.
See 'systemctl status data.mount' for details.
[[0;1;33mDEPEND[0m] Dependency failed for Remote File Systems.
         Starting LSB: automatic crash report generation...
         Starting Permit User Sessions...
         Starting LSB: daemon to balance interrupts for SMP systems...
         Starting LSB: Set the CPU Frequency Scaling governor to "ondemand"...
[    9.556349] [[0;1;31mFAILED[0m] Failed to mount /vagrant.
See 'systemctl status vagrant.mount' for details.
[[0;32m  OK  [0m] Started Permit User Sessions.
         Starting Hold until boot process finishes up...
         Starting Terminate Plymouth Boot Screen...
[[0;32m  OK  [0m] Started Hold until boot process finishes up.
         Starting Set console scheme...
[[0;32m  OK  [0m] Started Serial Getty on ttyS0.
[[0;32m  OK  [0m] Started Getty on tty1.
[[0;32m  OK  [0m] Reached target Login Prompts.
cloud-init[[0;32m  OK  [0m] Started Set console scheme.
[1082]: ci-info: +-------+--------------+----------+---------------+-----------+-------+
[[0;32m  OK  [0m] Started Terminate Plymouth Boot Screen.
[[0;32m  OK  [0m] Started Accounts Service.
[    9.649238] cloud-init[1082]: ci-info: +++++++++++++++++++Route IPv6 info+++++++++++++++++++
[    9.665556] cloud-init[1082]: ci-info: +-------+-------------+---------+-----------+-------+
[[0;32m  OK  [0m] Started LSB: daemon to balance interrupts for SMP systems.
[    9.679154] cloud-init[1082]: ci-info: | Route | Destination | Gateway | Interface | Flags |[[0;32m  OK  [0m] Started LSB: MD monitoring daemon.

[    9.694681] [[0;32m  OK  [0m] Started OpenBSD Secure Shell server.
cloud-init[1082]: ci-info: +-------+-------------+---------+-----------+-------+[[0;32m  OK  [0m] Started LSB: Set the CPU Frequency Scaling governor to "ondemand".

[    9.711271] [[0;32m  OK  [0m] Started LSB: automatic crash report generation.
cloud-init[1082]: ci-info: |   0   |  fe80::/64  |    ::   |   enp0s8  |   U   |
[    9.718810] cloud-init[1082]: ci-info: |   1   |  fe80::/64  |    ::   |   enp0s3  |   U   |
[    9.737505] cloud-init[1082]: ci-info: |   4   |   ff00::/8  |    ::   |   enp0s8  |   U   |
[    9.751397] cloud-init[1082]: ci-info: |   5   |   ff00::/8  |    ::   |   enp0s3  |   U   |
[[0;32m  OK  [0m] Started LXD - container startup/shutdown.
[    9.768645] cloud-init[1082]: ci-info: +-------+-------------+---------+-----------+-------+
[[0;32m  OK  [0m] Started Virtualbox guest utils.
[[0;32m  OK  [0m] Started Snap Daemon.
         Starting Wait until snapd is fully seeded...
[[0;32m  OK  [0m] Started Wait until snapd is fully seeded.
         Starting Apply the settings specified in cloud-config...
[[0;32m  OK  [0m] Reached target Multi-User System.
[[0;32m  OK  [0m] Reached target Graphical Interface.
         Starting Update UTMP about System Runlevel Changes...
[[0;32m  OK  [0m] Started Update UTMP about System Runlevel Changes.
[[0;32m  OK  [0m] Started Ubuntu Advantage APT and MOTD Messages.
[   10.343131] cloud-init[1381]: Cloud-init v. 21.1-19-gbad84ad4-0ubuntu1~16.04.2 running 'modules:config' at Sun, 17 Mar 2024 23:54:33 +0000. Up 10.26 seconds.
[[0;32m  OK  [0m] Started Apply the settings specified in cloud-config.
         Starting Execute cloud user/final scripts...
[   10.665795] cloud-init[1397]: Cloud-init v. 21.1-19-gbad84ad4-0ubuntu1~16.04.2 running 'modules:final' at Sun, 17 Mar 2024 23:54:33 +0000. Up 10.57 seconds.
[   10.673012] cloud-init[1397]: Cloud-init v. 21.1-19-gbad84ad4-0ubuntu1~16.04.2 finished at Sun, 17 Mar 2024 23:54:33 +0000. Datasource DataSourceNoCloud [seed=/dev/sdb][dsmode=net].  Up 10.66 seconds
[[0;32m  OK  [0m] Started Execute cloud user/final scripts.
[[0;32m  OK  [0m] Reached target Cloud-init target.

Ubuntu 16.04.7 LTS ubuntu-xenial ttyS0

ubuntu-xenial login: 